
   FAIL  Tests\Feature\OrderPlacementTest
  ظذ» user can pظخ 0.77s  
  ظ¤ظ¤ظ¤ظ¤ظ¤ظ¤ظ¤ظ¤ظ¤ظ¤ظ¤ظ¤ظ¤ظ¤ظ¤ظ¤ظ¤ظ¤ظ¤  
   FAILED  Tظخ  Error   
  Class "Database\Factories\ProductFactory" not found

  at vendor\laravel\framework\src\Illuminate\Database\Eloquent\Factories\Factory.php:950
    946ظûـ     public static function factoryForModel(string $modelName)
    947ظûـ     {
    948ظûـ         $factory = static::resolveFactoryName($modelName);
    949ظûـ 
  ظئ£ 950ظûـ         return $factory::new();
    951ظûـ     }
    952ظûـ 
    953ظûـ     /**
    954ظûـ      * Specify the callback that should be invoked to guess factory names based on dynamic relationship names.

  1   vendor\laravel\framework\src\Illuminate\Database\Eloquent\Factories\Factory.php:950
  2   vendor\laravel\framework\src\Illuminate\Database\Eloquent\Factories\HasFactory.php:21


  Tests:    1 failed (0 assertions)
  Duration: 1.29s

